// Jest Snapshot v1, https://goo.gl/fbAQLP

exports[`<Home /> it should render the app 1`] = `ShallowWrapper {}`;
