// Jest Snapshot v1, https://goo.gl/fbAQLP

exports[`<LoginComponent /> should render login component 1`] = `ShallowWrapper {}`;
