// Jest Snapshot v1, https://goo.gl/fbAQLP

exports[`tests login container should render without crashing 1`] = `ShallowWrapper {}`;
