// Jest Snapshot v1, https://goo.gl/fbAQLP

exports[`<InterventionComponent /> should render intervention component 1`] = `ShallowWrapper {}`;
