// Jest Snapshot v1, https://goo.gl/fbAQLP

exports[`tests intervention container should render without crashing 1`] = `ShallowWrapper {}`;
