// Jest Snapshot v1, https://goo.gl/fbAQLP

exports[`<Signup/> should render signup component 1`] = `ShallowWrapper {}`;
